// Jest Snapshot v1, https://goo.gl/fbAQLP

exports[`<ForecastWidget /> should match snapshot 1`] = `
<WithStyles(Typography)>
  Geolocation must be enabled to use this feature.
</WithStyles(Typography)>
`;
