// Jest Snapshot v1, https://goo.gl/fbAQLP

exports[`<Forecast /> should match snapshot 1`] = `
<div>
  <WithStyles(BasicPage)>
    <WithStyles(inject-ForecastWidget) />
  </WithStyles(BasicPage)>
</div>
`;
